Analysis & Elaboration report for version1
Mon Feb  2 10:13:34 2026
Quartus Prime Version 24.1std.0 Build 1077 03/04/2025 SC Lite Edition


---------------------
; Table of Contents ;
---------------------
  1. Legal Notice
  2. Analysis & Elaboration Summary
  3. Parallel Compilation
  4. Parameter Settings for User Entity Instance: keccak_xof:sha3core
  5. Parameter Settings for User Entity Instance: keccak_xof:sha3core|padder_fast_2:padder_
  6. Parameter Settings for User Entity Instance: keccak_xof:sha3core|padder_fast_2:padder_|padder1:p_suf
  7. Parameter Settings for User Entity Instance: keccak_xof:sha3core|f_permutation:f_permutation_
  8. Analysis & Elaboration Settings
  9. Port Connectivity Checks: "keccak_xof:sha3core|f_permutation:f_permutation_"
 10. Port Connectivity Checks: "keccak_xof:sha3core"
 11. Analysis & Elaboration Messages
 12. Analysis & Elaboration Suppressed Messages



----------------
; Legal Notice ;
----------------
Copyright (C) 2025  Altera Corporation. All rights reserved.
Your use of Altera Corporation's design tools, logic functions 
and other software and tools, and any partner logic 
functions, and any output files from any of the foregoing 
(including device programming or simulation files), and any 
associated documentation or information are expressly subject 
to the terms and conditions of the Altera Program License 
Subscription Agreement, the Altera Quartus Prime License Agreement,
the Altera IP License Agreement, or other applicable license
agreement, including, without limitation, that your use is for
the sole purpose of programming logic devices manufactured by
Altera and sold by Altera or its authorized distributors.  Please
refer to the Altera Software License Subscription Agreements 
on the Quartus Prime software download page.



+---------------------------------------------------------------------------------+
; Analysis & Elaboration Summary                                                  ;
+-------------------------------+-------------------------------------------------+
; Analysis & Elaboration Status ; Successful - Mon Feb  2 10:13:34 2026           ;
; Quartus Prime Version         ; 24.1std.0 Build 1077 03/04/2025 SC Lite Edition ;
; Revision Name                 ; version1                                        ;
; Top-level Entity Name         ; keccak_test_shake256_512_xof_2                  ;
; Family                        ; Cyclone V                                       ;
; Logic utilization (in ALMs)   ; N/A until Partition Merge                       ;
; Total registers               ; N/A until Partition Merge                       ;
; Total pins                    ; N/A until Partition Merge                       ;
; Total virtual pins            ; N/A until Partition Merge                       ;
; Total block memory bits       ; N/A until Partition Merge                       ;
; Total PLLs                    ; N/A until Partition Merge                       ;
; Total DLLs                    ; N/A until Partition Merge                       ;
+-------------------------------+-------------------------------------------------+


+------------------------------------------+
; Parallel Compilation                     ;
+----------------------------+-------------+
; Processors                 ; Number      ;
+----------------------------+-------------+
; Number detected on machine ; 12          ;
; Maximum allowed            ; 6           ;
;                            ;             ;
; Average used               ; 1.00        ;
; Maximum used               ; 1           ;
;                            ;             ;
; Usage by Processor         ; % Time Used ;
;     Processor 1            ; 100.0%      ;
+----------------------------+-------------+


+------------------------------------------------------------------+
; Parameter Settings for User Entity Instance: keccak_xof:sha3core ;
+----------------+----------+--------------------------------------+
; Parameter Name ; Value    ; Type                                 ;
+----------------+----------+--------------------------------------+
; RATE_BITS      ; 1088     ; Signed Integer                       ;
; SUFFIX         ; 00011111 ; Unsigned Binary                      ;
; OUTPUT_SIZE    ; 512      ; Signed Integer                       ;
+----------------+----------+--------------------------------------+
Note: In order to hide this table in the UI and the text report file, please set the "Show Parameter Settings in Synthesis Report" option in "Analysis and Synthesis Settings -> More Settings" to "Off".


+----------------------------------------------------------------------------------------+
; Parameter Settings for User Entity Instance: keccak_xof:sha3core|padder_fast_2:padder_ ;
+----------------+----------+------------------------------------------------------------+
; Parameter Name ; Value    ; Type                                                       ;
+----------------+----------+------------------------------------------------------------+
; RATE_BITS      ; 1088     ; Signed Integer                                             ;
; SUFFIX         ; 00011111 ; Unsigned Binary                                            ;
+----------------+----------+------------------------------------------------------------+
Note: In order to hide this table in the UI and the text report file, please set the "Show Parameter Settings in Synthesis Report" option in "Analysis and Synthesis Settings -> More Settings" to "Off".


+------------------------------------------------------------------------------------------------------+
; Parameter Settings for User Entity Instance: keccak_xof:sha3core|padder_fast_2:padder_|padder1:p_suf ;
+----------------+----------+--------------------------------------------------------------------------+
; Parameter Name ; Value    ; Type                                                                     ;
+----------------+----------+--------------------------------------------------------------------------+
; SUFFIX         ; 00011111 ; Unsigned Binary                                                          ;
+----------------+----------+--------------------------------------------------------------------------+
Note: In order to hide this table in the UI and the text report file, please set the "Show Parameter Settings in Synthesis Report" option in "Analysis and Synthesis Settings -> More Settings" to "Off".


+-----------------------------------------------------------------------------------------------+
; Parameter Settings for User Entity Instance: keccak_xof:sha3core|f_permutation:f_permutation_ ;
+----------------+-------+----------------------------------------------------------------------+
; Parameter Name ; Value ; Type                                                                 ;
+----------------+-------+----------------------------------------------------------------------+
; RATE_BITS      ; 1088  ; Signed Integer                                                       ;
+----------------+-------+----------------------------------------------------------------------+
Note: In order to hide this table in the UI and the text report file, please set the "Show Parameter Settings in Synthesis Report" option in "Analysis and Synthesis Settings -> More Settings" to "Off".


+---------------------------------------------------------------------------------------------------------------------------------------+
; Analysis & Elaboration Settings                                                                                                       ;
+---------------------------------------------------------------------------------+--------------------------------+--------------------+
; Option                                                                          ; Setting                        ; Default Value      ;
+---------------------------------------------------------------------------------+--------------------------------+--------------------+
; Device                                                                          ; 5CGXFC9E7F35C8                 ;                    ;
; Top-level entity name                                                           ; keccak_test_shake256_512_xof_2 ; version1           ;
; Family name                                                                     ; Cyclone V                      ; Cyclone V          ;
; Use smart compilation                                                           ; Off                            ; Off                ;
; Enable parallel Assembler and Timing Analyzer during compilation                ; On                             ; On                 ;
; Enable compact report table                                                     ; Off                            ; Off                ;
; Restructure Multiplexers                                                        ; Auto                           ; Auto               ;
; MLAB Add Timing Constraints For Mixed-Port Feed-Through Mode Setting Don't Care ; Off                            ; Off                ;
; Create Debugging Nodes for IP Cores                                             ; Off                            ; Off                ;
; Preserve fewer node names                                                       ; On                             ; On                 ;
; Intel FPGA IP Evaluation Mode                                                   ; Enable                         ; Enable             ;
; Verilog Version                                                                 ; Verilog_2001                   ; Verilog_2001       ;
; VHDL Version                                                                    ; VHDL_1993                      ; VHDL_1993          ;
; State Machine Processing                                                        ; Auto                           ; Auto               ;
; Safe State Machine                                                              ; Off                            ; Off                ;
; Extract Verilog State Machines                                                  ; On                             ; On                 ;
; Extract VHDL State Machines                                                     ; On                             ; On                 ;
; Ignore Verilog initial constructs                                               ; Off                            ; Off                ;
; Iteration limit for constant Verilog loops                                      ; 5000                           ; 5000               ;
; Iteration limit for non-constant Verilog loops                                  ; 250                            ; 250                ;
; Add Pass-Through Logic to Inferred RAMs                                         ; On                             ; On                 ;
; Infer RAMs from Raw Logic                                                       ; On                             ; On                 ;
; Parallel Synthesis                                                              ; On                             ; On                 ;
; DSP Block Balancing                                                             ; Auto                           ; Auto               ;
; NOT Gate Push-Back                                                              ; On                             ; On                 ;
; Power-Up Don't Care                                                             ; On                             ; On                 ;
; Remove Redundant Logic Cells                                                    ; Off                            ; Off                ;
; Remove Duplicate Registers                                                      ; On                             ; On                 ;
; Ignore CARRY Buffers                                                            ; Off                            ; Off                ;
; Ignore CASCADE Buffers                                                          ; Off                            ; Off                ;
; Ignore GLOBAL Buffers                                                           ; Off                            ; Off                ;
; Ignore ROW GLOBAL Buffers                                                       ; Off                            ; Off                ;
; Ignore LCELL Buffers                                                            ; Off                            ; Off                ;
; Ignore SOFT Buffers                                                             ; On                             ; On                 ;
; Limit AHDL Integers to 32 Bits                                                  ; Off                            ; Off                ;
; Optimization Technique                                                          ; Balanced                       ; Balanced           ;
; Carry Chain Length                                                              ; 70                             ; 70                 ;
; Auto Carry Chains                                                               ; On                             ; On                 ;
; Auto Open-Drain Pins                                                            ; On                             ; On                 ;
; Perform WYSIWYG Primitive Resynthesis                                           ; Off                            ; Off                ;
; Auto ROM Replacement                                                            ; On                             ; On                 ;
; Auto RAM Replacement                                                            ; On                             ; On                 ;
; Auto DSP Block Replacement                                                      ; On                             ; On                 ;
; Auto Shift Register Replacement                                                 ; Auto                           ; Auto               ;
; Allow Shift Register Merging across Hierarchies                                 ; Auto                           ; Auto               ;
; Auto Clock Enable Replacement                                                   ; On                             ; On                 ;
; Strict RAM Replacement                                                          ; Off                            ; Off                ;
; Allow Synchronous Control Signals                                               ; On                             ; On                 ;
; Force Use of Synchronous Clear Signals                                          ; Off                            ; Off                ;
; Auto Resource Sharing                                                           ; Off                            ; Off                ;
; Allow Any RAM Size For Recognition                                              ; Off                            ; Off                ;
; Allow Any ROM Size For Recognition                                              ; Off                            ; Off                ;
; Allow Any Shift Register Size For Recognition                                   ; Off                            ; Off                ;
; Use LogicLock Constraints during Resource Balancing                             ; On                             ; On                 ;
; Ignore translate_off and synthesis_off directives                               ; Off                            ; Off                ;
; Timing-Driven Synthesis                                                         ; On                             ; On                 ;
; Report Parameter Settings                                                       ; On                             ; On                 ;
; Report Source Assignments                                                       ; On                             ; On                 ;
; Report Connectivity Checks                                                      ; On                             ; On                 ;
; Ignore Maximum Fan-Out Assignments                                              ; Off                            ; Off                ;
; Synchronization Register Chain Length                                           ; 3                              ; 3                  ;
; Power Optimization During Synthesis                                             ; Normal compilation             ; Normal compilation ;
; HDL message level                                                               ; Level2                         ; Level2             ;
; Suppress Register Optimization Related Messages                                 ; Off                            ; Off                ;
; Number of Removed Registers Reported in Synthesis Report                        ; 5000                           ; 5000               ;
; Number of Swept Nodes Reported in Synthesis Report                              ; 5000                           ; 5000               ;
; Number of Inverted Registers Reported in Synthesis Report                       ; 100                            ; 100                ;
; Clock MUX Protection                                                            ; On                             ; On                 ;
; Auto Gated Clock Conversion                                                     ; Off                            ; Off                ;
; Block Design Naming                                                             ; Auto                           ; Auto               ;
; SDC constraint protection                                                       ; Off                            ; Off                ;
; Synthesis Effort                                                                ; Auto                           ; Auto               ;
; Shift Register Replacement - Allow Asynchronous Clear Signal                    ; On                             ; On                 ;
; Pre-Mapping Resynthesis Optimization                                            ; Off                            ; Off                ;
; Analysis & Synthesis Message Level                                              ; Medium                         ; Medium             ;
; Disable Register Merging Across Hierarchies                                     ; Auto                           ; Auto               ;
; Resource Aware Inference For Block RAM                                          ; On                             ; On                 ;
; Automatic Parallel Synthesis                                                    ; On                             ; On                 ;
; Partial Reconfiguration Bitstream ID                                            ; Off                            ; Off                ;
+---------------------------------------------------------------------------------+--------------------------------+--------------------+


+------------------------------------------------------------------------------------------------------------------------+
; Port Connectivity Checks: "keccak_xof:sha3core|f_permutation:f_permutation_"                                           ;
+--------------+--------+----------+-------------------------------------------------------------------------------------+
; Port         ; Type   ; Severity ; Details                                                                             ;
+--------------+--------+----------+-------------------------------------------------------------------------------------+
; out[1087..0] ; Output ; Info     ; Connected to dangling logic. Logic that only feeds a dangling port will be removed. ;
; out_ready    ; Output ; Info     ; Connected to dangling logic. Logic that only feeds a dangling port will be removed. ;
+--------------+--------+----------+-------------------------------------------------------------------------------------+


+-----------------------------------------------------------------------------------------------------------------------+
; Port Connectivity Checks: "keccak_xof:sha3core"                                                                       ;
+-------------+--------+----------+-------------------------------------------------------------------------------------+
; Port        ; Type   ; Severity ; Details                                                                             ;
+-------------+--------+----------+-------------------------------------------------------------------------------------+
; buffer_full ; Output ; Info     ; Connected to dangling logic. Logic that only feeds a dangling port will be removed. ;
; out         ; Output ; Info     ; Connected to dangling logic. Logic that only feeds a dangling port will be removed. ;
; out_valid   ; Output ; Info     ; Connected to dangling logic. Logic that only feeds a dangling port will be removed. ;
+-------------+--------+----------+-------------------------------------------------------------------------------------+


+---------------------------------+
; Analysis & Elaboration Messages ;
+---------------------------------+
Info: *******************************************************************
Info: Running Quartus Prime Analysis & Elaboration
    Info: Version 24.1std.0 Build 1077 03/04/2025 SC Lite Edition
    Info: Processing started: Mon Feb  2 10:13:19 2026
Info: Command: quartus_map --read_settings_files=on --write_settings_files=off version1 -c version1 --analysis_and_elaboration
Warning (18236): Number of processors has not been specified which may cause overloading on shared machines.  Set the global assignment NUM_PARALLEL_PROCESSORS in your QSF to an appropriate value for best performance.
Info (20030): Parallel compilation is enabled and will use 6 of the 6 processors detected
Info (12021): Found 1 design units, including 1 entities, in source file f_permutation.v
    Info (12023): Found entity 1: f_permutation File: C:/Users/aldri/OneDrive/Documents/RBL/quartus_workspace/g5/f_permutation.v Line: 1
Info (12021): Found 1 design units, including 1 entities, in source file keccak.v
    Info (12023): Found entity 1: keccak File: C:/Users/aldri/OneDrive/Documents/RBL/quartus_workspace/g5/keccak.v Line: 10
Info (12021): Found 1 design units, including 1 entities, in source file padder.v
    Info (12023): Found entity 1: padder File: C:/Users/aldri/OneDrive/Documents/RBL/quartus_workspace/g5/padder.v Line: 5
Info (12021): Found 1 design units, including 1 entities, in source file padder1.v
    Info (12023): Found entity 1: padder1 File: C:/Users/aldri/OneDrive/Documents/RBL/quartus_workspace/g5/padder1.v Line: 1
Info (12021): Found 1 design units, including 1 entities, in source file rconst2in1.v
    Info (12023): Found entity 1: rconst2in1 File: C:/Users/aldri/OneDrive/Documents/RBL/quartus_workspace/g5/rconst2in1.v Line: 2
Info (12021): Found 1 design units, including 1 entities, in source file round2in1.v
    Info (12023): Found entity 1: round2in1 File: C:/Users/aldri/OneDrive/Documents/RBL/quartus_workspace/g5/round2in1.v Line: 9
Info (12021): Found 1 design units, including 1 entities, in source file keccak_test.v
    Info (12023): Found entity 1: keccak_test File: C:/Users/aldri/OneDrive/Documents/RBL/quartus_workspace/g5/keccak_test.v Line: 3
Info (12021): Found 1 design units, including 1 entities, in source file keccak_test_shake256_512.v
    Info (12023): Found entity 1: keccak_test_shake256_512 File: C:/Users/aldri/OneDrive/Documents/RBL/quartus_workspace/g5/keccak_test_shake256_512.v Line: 3
Info (12021): Found 1 design units, including 1 entities, in source file keccak_test_shake256_vary.v
    Info (12023): Found entity 1: keccak_test_shake256_vary File: C:/Users/aldri/OneDrive/Documents/RBL/quartus_workspace/g5/keccak_test_shake256_vary.v Line: 3
Info (12021): Found 1 design units, including 1 entities, in source file keccak_test_shake128_512.v
    Info (12023): Found entity 1: keccak_test_shake128_512 File: C:/Users/aldri/OneDrive/Documents/RBL/quartus_workspace/g5/keccak_test_shake128_512.v Line: 3
Info (12021): Found 0 design units, including 0 entities, in source file keccak_out_vary.v
Info (12021): Found 1 design units, including 1 entities, in source file padder_fast.v
    Info (12023): Found entity 1: padder_fast File: C:/Users/aldri/OneDrive/Documents/RBL/quartus_workspace/g5/padder_fast.v Line: 16
Info (12021): Found 1 design units, including 1 entities, in source file padder_fast_2.v
    Info (12023): Found entity 1: padder_fast_2 File: C:/Users/aldri/OneDrive/Documents/RBL/quartus_workspace/g5/padder_fast_2.v Line: 7
Info (12021): Found 1 design units, including 1 entities, in source file tb_padder.v
    Info (12023): Found entity 1: tb_padder File: C:/Users/aldri/OneDrive/Documents/RBL/quartus_workspace/g5/tb_padder.v Line: 3
Info (12021): Found 1 design units, including 1 entities, in source file tb_padder_fast_2.v
    Info (12023): Found entity 1: tb_padder_fast_2 File: C:/Users/aldri/OneDrive/Documents/RBL/quartus_workspace/g5/tb_padder_fast_2.v Line: 3
Info (12021): Found 1 design units, including 1 entities, in source file round2in1_pipelined.v
    Info (12023): Found entity 1: round2in1_pipelined File: C:/Users/aldri/OneDrive/Documents/RBL/quartus_workspace/g5/round2in1_pipelined.v Line: 12
Info (12021): Found 1 design units, including 1 entities, in source file dbram.v
    Info (12023): Found entity 1: dbram File: C:/Users/aldri/OneDrive/Documents/RBL/quartus_workspace/g5/dbram.v Line: 3
Info (12021): Found 1 design units, including 1 entities, in source file prg_stub.v
    Info (12023): Found entity 1: prg_stub File: C:/Users/aldri/OneDrive/Documents/RBL/quartus_workspace/g5/prg_stub.v Line: 3
Info (12021): Found 1 design units, including 1 entities, in source file sampleinball_fsm.v
    Info (12023): Found entity 1: sampleinball_fsm File: C:/Users/aldri/OneDrive/Documents/RBL/quartus_workspace/g5/sampleinball_fsm.v Line: 3
Info (12021): Found 1 design units, including 1 entities, in source file sampleinball_top_tb.v
    Info (12023): Found entity 1: sampleinball_top_tb File: C:/Users/aldri/OneDrive/Documents/RBL/quartus_workspace/g5/sampleinball_top_tb.v Line: 16
Info (12021): Found 1 design units, including 1 entities, in source file sampleinball_top.v
    Info (12023): Found entity 1: sampleinball_top File: C:/Users/aldri/OneDrive/Documents/RBL/quartus_workspace/g5/sampleinball_top.v Line: 2
Info (12021): Found 1 design units, including 1 entities, in source file keccak_prg_adapter.v
    Info (12023): Found entity 1: keccak_prg_adapter File: C:/Users/aldri/OneDrive/Documents/RBL/quartus_workspace/g5/keccak_prg_adapter.v Line: 1
Info (12021): Found 1 design units, including 1 entities, in source file tb_keccak_prg_adapter.v
    Info (12023): Found entity 1: tb_keccak_prg_adapter File: C:/Users/aldri/OneDrive/Documents/RBL/quartus_workspace/g5/tb_keccak_prg_adapter.v Line: 3
Info (12021): Found 1 design units, including 1 entities, in source file keccak_test_shake256_any.v
    Info (12023): Found entity 1: keccak_test_shake256_any File: C:/Users/aldri/OneDrive/Documents/RBL/quartus_workspace/g5/keccak_test_shake256_any.v Line: 3
Info (12021): Found 1 design units, including 1 entities, in source file sampleinball_top_new_tb.v
    Info (12023): Found entity 1: sampleinball_top_new_tb File: C:/Users/aldri/OneDrive/Documents/RBL/quartus_workspace/g5/sampleinball_top_new_tb.v Line: 3
Info (12021): Found 1 design units, including 1 entities, in source file keccak_xof.v
    Info (12023): Found entity 1: keccak_xof File: C:/Users/aldri/OneDrive/Documents/RBL/quartus_workspace/g5/keccak_xof.v Line: 29
Info (12021): Found 1 design units, including 1 entities, in source file keccak_test_shake256_512_xof.v
    Info (12023): Found entity 1: keccak_test_shake256_512_xof File: C:/Users/aldri/OneDrive/Documents/RBL/quartus_workspace/g5/keccak_test_shake256_512_xof.v Line: 3
Info (12021): Found 1 design units, including 1 entities, in source file keccak_test_shake256_512_xof_2.v
    Info (12023): Found entity 1: keccak_test_shake256_512_xof_2 File: C:/Users/aldri/OneDrive/Documents/RBL/quartus_workspace/g5/keccak_test_shake256_512_xof_2.v Line: 3
Info (12021): Found 1 design units, including 1 entities, in source file keccak_prg_xof_adapter.v
    Info (12023): Found entity 1: keccak_prg_xof_adapter File: C:/Users/aldri/OneDrive/Documents/RBL/quartus_workspace/g5/keccak_prg_xof_adapter.v Line: 3
Info (12021): Found 1 design units, including 1 entities, in source file keccak_prg_xof_adapter_stream_in.v
    Info (12023): Found entity 1: keccak_prg_xof_adapter_stream_in File: C:/Users/aldri/OneDrive/Documents/RBL/quartus_workspace/g5/keccak_prg_xof_adapter_stream_in.v Line: 19
Info (12021): Found 1 design units, including 1 entities, in source file tb_keccak_prg_xof_adapter_stream_in.v
    Info (12023): Found entity 1: tb_keccak_prg_xof_adapter_stream_in File: C:/Users/aldri/OneDrive/Documents/RBL/quartus_workspace/g5/tb_keccak_prg_xof_adapter_stream_in.v Line: 21
Info (12127): Elaborating entity "keccak_test_shake256_512_xof_2" for the top level hierarchy
Warning (10036): Verilog HDL or VHDL warning at keccak_test_shake256_512_xof_2.v(12): object "out_block" assigned a value but never read File: C:/Users/aldri/OneDrive/Documents/RBL/quartus_workspace/g5/keccak_test_shake256_512_xof_2.v Line: 12
Warning (10755): Verilog HDL warning at keccak_test_shake256_512_xof_2.v(55): assignments to clk create a combinational loop File: C:/Users/aldri/OneDrive/Documents/RBL/quartus_workspace/g5/keccak_test_shake256_512_xof_2.v Line: 55
Warning (10193): Verilog HDL unsupported feature warning at keccak_test_shake256_512_xof_2.v(174): Wait Statement is not supported and is ignored File: C:/Users/aldri/OneDrive/Documents/RBL/quartus_workspace/g5/keccak_test_shake256_512_xof_2.v Line: 174
Warning (10193): Verilog HDL unsupported feature warning at keccak_test_shake256_512_xof_2.v(101): Wait Statement is not supported and is ignored File: C:/Users/aldri/OneDrive/Documents/RBL/quartus_workspace/g5/keccak_test_shake256_512_xof_2.v Line: 101
Warning (10230): Verilog HDL assignment warning at keccak_test_shake256_512_xof_2.v(114): truncated value with size 32 to match size of target (3) File: C:/Users/aldri/OneDrive/Documents/RBL/quartus_workspace/g5/keccak_test_shake256_512_xof_2.v Line: 114
Warning (10193): Verilog HDL unsupported feature warning at keccak_test_shake256_512_xof_2.v(126): Wait Statement is not supported and is ignored File: C:/Users/aldri/OneDrive/Documents/RBL/quartus_workspace/g5/keccak_test_shake256_512_xof_2.v Line: 126
Info (10648): Verilog HDL Display System Task info at keccak_test_shake256_512_xof_2.v(132): ERROR! first block mismatch  expected=00000000000000000000000000000000000000000000000000000000000000000000000000000000000000000000000000000000000000000000000089b0c651  got=00000000000000000000000000000000000000000000000000000000000000000000000000000000000000000000000000000000000000000000000000000000 File: C:/Users/aldri/OneDrive/Documents/RBL/quartus_workspace/g5/keccak_test_shake256_512_xof_2.v Line: 132
Info (10648): Verilog HDL Display System Task info at keccak_test_shake256_512_xof_2.v(135): OK   : first block matches  00000000000000000000000000000000000000000000000000000000000000000000000000000000000000000000000000000000000000000000000000000000 File: C:/Users/aldri/OneDrive/Documents/RBL/quartus_workspace/g5/keccak_test_shake256_512_xof_2.v Line: 135
Warning (10193): Verilog HDL unsupported feature warning at keccak_test_shake256_512_xof_2.v(152): Wait Statement is not supported and is ignored File: C:/Users/aldri/OneDrive/Documents/RBL/quartus_workspace/g5/keccak_test_shake256_512_xof_2.v Line: 152
Warning (10193): Verilog HDL unsupported feature warning at keccak_test_shake256_512_xof_2.v(153): Wait Statement is not supported and is ignored File: C:/Users/aldri/OneDrive/Documents/RBL/quartus_workspace/g5/keccak_test_shake256_512_xof_2.v Line: 153
Info (10648): Verilog HDL Display System Task info at keccak_test_shake256_512_xof_2.v(159): XOF block 2: 00000000000000000000000000000000000000000000000000000000000000000000000000000000000000000000000000000000000000000000000000000000 File: C:/Users/aldri/OneDrive/Documents/RBL/quartus_workspace/g5/keccak_test_shake256_512_xof_2.v Line: 159
Info (10648): Verilog HDL Display System Task info at keccak_test_shake256_512_xof_2.v(159): XOF block 3: 00000000000000000000000000000000000000000000000000000000000000000000000000000000000000000000000000000000000000000000000000000000 File: C:/Users/aldri/OneDrive/Documents/RBL/quartus_workspace/g5/keccak_test_shake256_512_xof_2.v Line: 159
Info (10648): Verilog HDL Display System Task info at keccak_test_shake256_512_xof_2.v(159): XOF block 4: 00000000000000000000000000000000000000000000000000000000000000000000000000000000000000000000000000000000000000000000000000000000 File: C:/Users/aldri/OneDrive/Documents/RBL/quartus_workspace/g5/keccak_test_shake256_512_xof_2.v Line: 159
Info (10648): Verilog HDL Display System Task info at keccak_test_shake256_512_xof_2.v(159): XOF block 5: 00000000000000000000000000000000000000000000000000000000000000000000000000000000000000000000000000000000000000000000000000000000 File: C:/Users/aldri/OneDrive/Documents/RBL/quartus_workspace/g5/keccak_test_shake256_512_xof_2.v Line: 159
Info (10648): Verilog HDL Display System Task info at keccak_test_shake256_512_xof_2.v(132): ERROR! first block mismatch  expected=00000000000000000000000000000000000000000000000000000000000000000000000000000000000000000000000000000000000000000000000089253e6b  got=00000000000000000000000000000000000000000000000000000000000000000000000000000000000000000000000000000000000000000000000000000000 File: C:/Users/aldri/OneDrive/Documents/RBL/quartus_workspace/g5/keccak_test_shake256_512_xof_2.v Line: 132
Info (10648): Verilog HDL Display System Task info at keccak_test_shake256_512_xof_2.v(135): OK   : first block matches  00000000000000000000000000000000000000000000000000000000000000000000000000000000000000000000000000000000000000000000000000000000 File: C:/Users/aldri/OneDrive/Documents/RBL/quartus_workspace/g5/keccak_test_shake256_512_xof_2.v Line: 135
Info (10648): Verilog HDL Display System Task info at keccak_test_shake256_512_xof_2.v(159): XOF block 2: 00000000000000000000000000000000000000000000000000000000000000000000000000000000000000000000000000000000000000000000000000000000 File: C:/Users/aldri/OneDrive/Documents/RBL/quartus_workspace/g5/keccak_test_shake256_512_xof_2.v Line: 159
Info (10648): Verilog HDL Display System Task info at keccak_test_shake256_512_xof_2.v(196): Simulation end (squeeze tested if second block printed). File: C:/Users/aldri/OneDrive/Documents/RBL/quartus_workspace/g5/keccak_test_shake256_512_xof_2.v Line: 196
Warning (10175): Verilog HDL warning at keccak_test_shake256_512_xof_2.v(197): ignoring unsupported system task File: C:/Users/aldri/OneDrive/Documents/RBL/quartus_workspace/g5/keccak_test_shake256_512_xof_2.v Line: 197
Warning (10855): Verilog HDL warning at keccak_test_shake256_512_xof_2.v(171): initial value for variable out_block should be constant File: C:/Users/aldri/OneDrive/Documents/RBL/quartus_workspace/g5/keccak_test_shake256_512_xof_2.v Line: 171
Info (12128): Elaborating entity "keccak_xof" for hierarchy "keccak_xof:sha3core" File: C:/Users/aldri/OneDrive/Documents/RBL/quartus_workspace/g5/keccak_test_shake256_512_xof_2.v Line: 48
Warning (10036): Verilog HDL or VHDL warning at keccak_xof.v(84): object "enter_squeeze" assigned a value but never read File: C:/Users/aldri/OneDrive/Documents/RBL/quartus_workspace/g5/keccak_xof.v Line: 84
Info (12128): Elaborating entity "padder_fast_2" for hierarchy "keccak_xof:sha3core|padder_fast_2:padder_" File: C:/Users/aldri/OneDrive/Documents/RBL/quartus_workspace/g5/keccak_xof.v Line: 206
Warning (10230): Verilog HDL assignment warning at padder_fast_2.v(23): truncated value with size 1095 to match size of target (1088) File: C:/Users/aldri/OneDrive/Documents/RBL/quartus_workspace/g5/padder_fast_2.v Line: 23
Info (12128): Elaborating entity "padder1" for hierarchy "keccak_xof:sha3core|padder_fast_2:padder_|padder1:p_suf" File: C:/Users/aldri/OneDrive/Documents/RBL/quartus_workspace/g5/padder_fast_2.v Line: 46
Info (12128): Elaborating entity "f_permutation" for hierarchy "keccak_xof:sha3core|f_permutation:f_permutation_" File: C:/Users/aldri/OneDrive/Documents/RBL/quartus_workspace/g5/keccak_xof.v Line: 218
Info (12128): Elaborating entity "rconst2in1" for hierarchy "keccak_xof:sha3core|f_permutation:f_permutation_|rconst2in1:rconst_" File: C:/Users/aldri/OneDrive/Documents/RBL/quartus_workspace/g5/f_permutation.v Line: 45
Info (12128): Elaborating entity "round2in1" for hierarchy "keccak_xof:sha3core|f_permutation:f_permutation_|round2in1:round_" File: C:/Users/aldri/OneDrive/Documents/RBL/quartus_workspace/g5/f_permutation.v Line: 46
Info (10008): Verilog HDL or VHDL information: EDA Netlist Writer cannot regroup multidimensional array "a" into its bus
Info (10008): Verilog HDL or VHDL information: EDA Netlist Writer cannot regroup multidimensional array "c" into its bus
Info (10008): Verilog HDL or VHDL information: EDA Netlist Writer cannot regroup multidimensional array "d" into its bus
Info (10008): Verilog HDL or VHDL information: EDA Netlist Writer cannot regroup multidimensional array "e" into its bus
Info (10008): Verilog HDL or VHDL information: EDA Netlist Writer cannot regroup multidimensional array "f" into its bus
Info (10008): Verilog HDL or VHDL information: EDA Netlist Writer cannot regroup multidimensional array "g" into its bus
Info (10008): Verilog HDL or VHDL information: EDA Netlist Writer cannot regroup multidimensional array "cc" into its bus
Info (10008): Verilog HDL or VHDL information: EDA Netlist Writer cannot regroup multidimensional array "dd" into its bus
Info (10008): Verilog HDL or VHDL information: EDA Netlist Writer cannot regroup multidimensional array "ee" into its bus
Info (10008): Verilog HDL or VHDL information: EDA Netlist Writer cannot regroup multidimensional array "ff" into its bus
Info (10008): Verilog HDL or VHDL information: EDA Netlist Writer cannot regroup multidimensional array "gg" into its bus
Warning (12011): Net is missing source, defaulting to GND
    Warning (12110): Net "clk" is missing source, defaulting to GND File: C:/Users/aldri/OneDrive/Documents/RBL/quartus_workspace/g5/keccak_test_shake256_512_xof_2.v Line: 4
Info (144001): Generated suppressed messages file C:/Users/aldri/OneDrive/Documents/RBL/quartus_workspace/g5/output_files/version1.map.smsg
Info: Quartus Prime Analysis & Elaboration was successful. 0 errors, 15 warnings
    Info: Peak virtual memory: 4852 megabytes
    Info: Processing ended: Mon Feb  2 10:13:34 2026
    Info: Elapsed time: 00:00:15
    Info: Total CPU time (on all processors): 00:00:33


+--------------------------------------------+
; Analysis & Elaboration Suppressed Messages ;
+--------------------------------------------+
The suppressed messages can be found in C:/Users/aldri/OneDrive/Documents/RBL/quartus_workspace/g5/output_files/version1.map.smsg.


