------------------------------------------------------------
Timing Analyzer Summary
------------------------------------------------------------

Type  : Slow 1100mV 85C Model Setup 'clk'
Slack : 3.843
TNS   : 0.000

Type  : Slow 1100mV 85C Model Hold 'clk'
Slack : 0.365
TNS   : 0.000

Type  : Slow 1100mV 85C Model Minimum Pulse Width 'clk'
Slack : 9.170
TNS   : 0.000

Type  : Slow 1100mV 0C Model Setup 'clk'
Slack : 3.922
TNS   : 0.000

Type  : Slow 1100mV 0C Model Hold 'clk'
Slack : 0.351
TNS   : 0.000

Type  : Slow 1100mV 0C Model Minimum Pulse Width 'clk'
Slack : 9.025
TNS   : 0.000

Type  : Fast 1100mV 85C Model Setup 'clk'
Slack : 11.346
TNS   : 0.000

Type  : Fast 1100mV 85C Model Hold 'clk'
Slack : 0.175
TNS   : 0.000

Type  : Fast 1100mV 85C Model Minimum Pulse Width 'clk'
Slack : 9.440
TNS   : 0.000

Type  : Fast 1100mV 0C Model Setup 'clk'
Slack : 12.401
TNS   : 0.000

Type  : Fast 1100mV 0C Model Hold 'clk'
Slack : 0.157
TNS   : 0.000

Type  : Fast 1100mV 0C Model Minimum Pulse Width 'clk'
Slack : 9.435
TNS   : 0.000

------------------------------------------------------------
